// Jest Snapshot v1, https://goo.gl/fbAQLP

exports[`Pruebas en <LoginScreen/> debe de hacer match con el snapshot  1`] = `""`;

exports[`Pruebas en <NavBar/> debe de hacer match con el snapshot  1`] = `""`;
